Make Election_Data_TN.v07 (2025-12-19)

Row count: 1965
Totals from Block Data (BData) and CSV Data (CData)
Field;			BData;	CData;	Diff
E_08_PRES_Total;	2608617;	2608617;	0
E_08_PRES_Dem;	1087437;	1087437;	0
E_08_PRES_Rep;	1479178;	1479178;	0
E_12_PRES_Total;	2419070;	2419070;	0
E_12_PRES_Dem;	957827;	957827;	0
E_12_PRES_Rep;	1461243;	1461243;	0
E_16_PRES_Total;	2508027;	2508027;	0
E_16_PRES_Dem;	870695;	870695;	0
E_16_PRES_Rep;	1522925;	1522925;	0
E_18_SEN_Total;	2243740;	2243740;	0
E_18_SEN_Dem;	985450;	985450;	0
E_18_SEN_Rep;	1227483;	1227483;	0
E_18_GOV_Total;	2243294;	2243294;	0
E_18_GOV_Dem;	864863;	864863;	0
E_18_GOV_Rep;	1336106;	1336106;	0
E_16-20_COMP_Total;	2530817;	2530817;	0
E_16-20_COMP_Dem;	960000;	960000;	0
E_16-20_COMP_Rep;	1517318;	1517318;	0
E_20_PRES_Total;	3052989;	3052989;	0
E_20_PRES_Dem;	1143711;	1143711;	0
E_20_PRES_Rep;	1852475;	1852475;	0
E_20_SEN_Total;	2950099;	2950099;	0
E_20_SEN_Dem;	1040691;	1040691;	0
E_20_SEN_Rep;	1840926;	1840926;	0
E_24_PRES_Total;	3063942;	3063942;	0
E_24_PRES_Dem;	1056265;	1056265;	0
E_24_PRES_Rep;	1966865;	1966865;	0
E_24_SEN_Total;	3007608;	3007608;	0
E_24_SEN_Dem;	1027461;	1027461;	0
E_24_SEN_Rep;	1918743;	1918743;	0
E_24_CONG_Total;	2926955;	2926955;	0
E_24_CONG_Dem;	977870;	977870;	0
E_24_CONG_Rep;	1884691;	1884691;	0
