Make Election_Data_WV.v07 (2026-03-17)

Row count: 1639
Totals from Block Data (BData) and CSV Data (CData)
Field;			BData;	CData;	Diff
E_08_PRES_Total;	717172;	717172;	0
E_08_PRES_Dem;	303845;	303845;	0
E_08_PRES_Rep;	397444;	397444;	0
E_12_PRES_Total;	654190;	654190;	0
E_12_PRES_Dem;	237086;	237086;	0
E_12_PRES_Rep;	417104;	417104;	0
E_16_PRES_Total;	713049;	713049;	0
E_16_PRES_Dem;	188792;	188792;	0
E_16_PRES_Rep;	489371;	489371;	0
E_16_GOV_Total;	713855;	713855;	0
E_16_GOV_Dem;	350405;	350405;	0
E_16_GOV_Rep;	301987;	301987;	0
E_16_AG_Total;	694153;	694153;	0
E_16_AG_Dem;	291232;	291232;	0
E_16_AG_Rep;	358423;	358423;	0
E_18_SEN_Total;	586034;	586034;	0
E_18_SEN_Dem;	290510;	290510;	0
E_18_SEN_Rep;	271113;	271113;	0
E_16-20_COMP_Total;	733000;	733000;	0
E_16-20_COMP_Dem;	238722;	238722;	0
E_16-20_COMP_Rep;	474346;	474346;	0
E_20_PRES_Total;	794652;	794652;	0
E_20_PRES_Dem;	235984;	235984;	0
E_20_PRES_Rep;	545382;	545382;	0
E_20_SEN_Total;	778918;	778918;	0
E_20_SEN_Dem;	210309;	210309;	0
E_20_SEN_Rep;	547454;	547454;	0
E_20_GOV_Total;	768804;	768804;	0
E_20_GOV_Dem;	237024;	237024;	0
E_20_GOV_Rep;	497944;	497944;	0
E_20_AG_Total;	764048;	764048;	0
E_20_AG_Dem;	276798;	276798;	0
E_20_AG_Rep;	487250;	487250;	0
E_20-24_COMP_Total;	752946;	752946;	0
E_20-24_COMP_Dem;	218718;	218718;	0
E_20-24_COMP_Rep;	516843;	516843;	0
E_24_PRES_Total;	762390;	762390;	0
E_24_PRES_Dem;	214309;	214309;	0
E_24_PRES_Rep;	533556;	533556;	0
E_24_SEN_Total;	747702;	747702;	0
E_24_SEN_Dem;	207548;	207548;	0
E_24_SEN_Rep;	514079;	514079;	0
E_24_GOV_Total;	740928;	740928;	0
E_24_GOV_Dem;	233976;	233976;	0
E_24_GOV_Rep;	459300;	459300;	0
E_24_AG_Total;	716106;	716106;	0
E_24_AG_Dem;	214654;	214654;	0
E_24_AG_Rep;	501452;	501452;	0
E_24_AUD_Total;	711228;	711228;	0
E_24_AUD_Dem;	222491;	222491;	0
E_24_AUD_Rep;	488737;	488737;	0
E_24_SOS_Total;	718230;	718230;	0
E_24_SOS_Dem;	207238;	207238;	0
E_24_SOS_Rep;	510992;	510992;	0
