Make Election_Data_NV.v07 (2026-03-17)

Row count: 2102
Totals from Block Data (BData) and CSV Data (CData)
Field;			BData;	CData;	Diff
E_08_PRES_Total;	968858;	968858;	0
E_08_PRES_Dem;	533631;	533631;	0
E_08_PRES_Rep;	412718;	412718;	0
E_12_PRES_Total;	993812;	993812;	0
E_12_PRES_Dem;	530714;	530714;	0
E_12_PRES_Rep;	463098;	463098;	0
E_16_PRES_Total;	1125385;	1125385;	0
E_16_PRES_Dem;	539260;	539260;	0
E_16_PRES_Rep;	512058;	512058;	0
E_16_SEN_Total;	1108294;	1108294;	0
E_16_SEN_Dem;	521994;	521994;	0
E_16_SEN_Rep;	495079;	495079;	0
E_18_SEN_Total;	972132;	972132;	0
E_18_SEN_Dem;	490071;	490071;	0
E_18_SEN_Rep;	441202;	441202;	0
E_18_GOV_Total;	971799;	971799;	0
E_18_GOV_Dem;	480007;	480007;	0
E_18_GOV_Rep;	440320;	440320;	0
E_18_AG_Total;	965753;	965753;	0
E_18_AG_Dem;	456225;	456225;	0
E_18_AG_Rep;	451692;	451692;	0
E_18_LTG_Total;	965943;	965943;	0
E_18_LTG_Dem;	486381;	486381;	0
E_18_LTG_Rep;	421697;	421697;	0
E_18_SOS_Total;	956631;	956631;	0
E_18_SOS_Dem;	461551;	461551;	0
E_18_SOS_Rep;	467880;	467880;	0
E_18_TREAS_Total;	964199;	964199;	0
E_18_TREAS_Dem;	459874;	459874;	0
E_18_TREAS_Rep;	453748;	453748;	0
E_18_CONG_Total;	962667;	962667;	0
E_18_CONG_Dem;	487068;	487068;	0
E_18_CONG_Rep;	445099;	445099;	0
E_16-20_COMP_Total;	1089722;	1089722;	0
E_16-20_COMP_Dem;	531458;	531458;	0
E_16-20_COMP_Rep;	501424;	501424;	0
E_20_PRES_Total;	1405376;	1405376;	0
E_20_PRES_Dem;	703486;	703486;	0
E_20_PRES_Rep;	669890;	669890;	0
E_16-22_COMP_Total;	1085116;	1085116;	0
E_16-22_COMP_Dem;	537062;	537062;	0
E_16-22_COMP_Rep;	507053;	507053;	0
E_22_SEN_Total;	1020850;	1020850;	0
E_22_SEN_Dem;	498316;	498316;	0
E_22_SEN_Rep;	490388;	490388;	0
E_22_GOV_Total;	1019071;	1019071;	0
E_22_GOV_Dem;	481991;	481991;	0
E_22_GOV_Rep;	497377;	497377;	0
E_22_AG_Total;	978482;	978482;	0
E_22_AG_Dem;	511263;	511263;	0
E_22_AG_Rep;	434084;	434084;	0
E_22_LTG_Total;	1013905;	1013905;	0
E_22_LTG_Dem;	463871;	463871;	0
E_22_LTG_Rep;	500994;	500994;	0
E_22_SOS_Total;	1014473;	1014473;	0
E_22_SOS_Dem;	496569;	496569;	0
E_22_SOS_Rep;	473467;	473467;	0
E_22_TREAS_Total;	1012029;	1012029;	0
E_22_TREAS_Dem;	482762;	482762;	0
E_22_TREAS_Rep;	465570;	465570;	0
E_22_CONG_Total;	1009503;	1009503;	0
E_22_CONG_Dem;	480774;	480774;	0
E_22_CONG_Rep;	515535;	515535;	0
E_20-24_COMP_Total;	1227365;	1227365;	0
E_20-24_COMP_Dem;	600246;	600246;	0
E_20-24_COMP_Rep;	586468;	586468;	0
E_24_PRES_Total;	1484382;	1484382;	0
E_24_PRES_Dem;	705028;	705028;	0
E_24_PRES_Rep;	750923;	750923;	0
E_24_SEN_Total;	1464387;	1464387;	0
E_24_SEN_Dem;	700976;	700976;	0
E_24_SEN_Rep;	676852;	676852;	0
E_24_CONG_Total;	1426745;	1426745;	0
E_24_CONG_Dem;	534050;	534050;	0
E_24_CONG_Rep;	692509;	692509;	0
