Make Election_Data_ME.v07 (2026-01-13)

Row count: 591
Totals from Block Data (BData) and CSV Data (CData)
Field;			BData;	CData;	Diff
E_08_PRES_Total;	732559;	732559;	0
E_08_PRES_Dem;	421923;	421923;	0
E_08_PRES_Rep;	295273;	295273;	0
E_12_PRES_Total;	693434;	693434;	0
E_12_PRES_Dem;	401185;	401185;	0
E_12_PRES_Rep;	292249;	292249;	0
E_16_PRES_Total;	747935;	747935;	0
E_16_PRES_Dem;	357735;	357735;	0
E_16_PRES_Rep;	335593;	335593;	0
E_18_SEN_Total;	633944;	633944;	0
E_18_SEN_Dem;	66268;	66268;	0
E_18_SEN_Rep;	223501;	223501;	0
E_18_GOV_Total;	630541;	630541;	0
E_18_GOV_Dem;	320962;	320962;	0
E_18_GOV_Rep;	272311;	272311;	0
E_16-20_COMP_Total;	743447;	743447;	0
E_16-20_COMP_Dem;	354291;	354291;	0
E_16-20_COMP_Rep;	346221;	346221;	0
E_20_PRES_Total;	819369;	819369;	0
E_20_PRES_Dem;	435070;	435070;	0
E_20_PRES_Rep;	360767;	360767;	0
E_20_SEN_Total;	818970;	818970;	0
E_20_SEN_Dem;	347241;	347241;	0
E_20_SEN_Rep;	417642;	417642;	0
