Make Election_Data_IN.v07 (2026-01-13)

Row count: 5159
Totals from Block Data (BData) and CSV Data (CData)
Field;			BData;	CData;	Diff
E_08_PRES_Total;	2748728;	2748728;	0
E_08_PRES_Dem;	1366856;	1366856;	0
E_08_PRES_Rep;	1339990;	1339990;	0
E_12_PRES_Total;	2574345;	2574345;	0
E_12_PRES_Dem;	1152380;	1152380;	0
E_12_PRES_Rep;	1421965;	1421965;	0
E_16_PRES_Total;	2760528;	2760528;	0
E_16_PRES_Dem;	1033155;	1033155;	0
E_16_PRES_Rep;	1557240;	1557240;	0
E_16_SEN_Total;	2733628;	2733628;	0
E_16_SEN_Dem;	1158973;	1158973;	0
E_16_SEN_Rep;	1424011;	1424011;	0
E_16_GOV_Total;	2720338;	2720338;	0
E_16_GOV_Dem;	1235584;	1235584;	0
E_16_GOV_Rep;	1397408;	1397408;	0
E_16_AG_Total;	2637822;	2637822;	0
E_16_AG_Dem;	994110;	994110;	0
E_16_AG_Rep;	1643712;	1643712;	0
E_18_SEN_Total;	2271044;	2271044;	0
E_18_SEN_Dem;	1023786;	1023786;	0
E_18_SEN_Rep;	1158685;	1158685;	0
E_16-20_COMP_Total;	2737216;	2737216;	0
E_16-20_COMP_Dem;	1151946;	1151946;	0
E_16-20_COMP_Rep;	1497840;	1497840;	0
E_20_PRES_Total;	3031256;	3031256;	0
E_20_PRES_Dem;	1242498;	1242498;	0
E_20_PRES_Rep;	1729857;	1729857;	0
E_20_GOV_Total;	3020322;	3020322;	0
E_20_GOV_Dem;	968094;	968094;	0
E_20_GOV_Rep;	1706727;	1706727;	0
E_20_AG_Total;	2951610;	2951610;	0
E_20_AG_Dem;	1229626;	1229626;	0
E_20_AG_Rep;	1721984;	1721984;	0
E_16-22_COMP_Total;	2583970;	2583970;	0
E_16-22_COMP_Dem;	1074138;	1074138;	0
E_16-22_COMP_Rep;	1439827;	1439827;	0
E_22_SEN_Total;	1858678;	1858678;	0
E_22_SEN_Dem;	704477;	704477;	0
E_22_SEN_Rep;	1090379;	1090379;	0
E_22_AUD_Total;	1845613;	1845613;	0
E_22_AUD_Dem;	672526;	672526;	0
E_22_AUD_Rep;	1108592;	1108592;	0
E_22_SOS_Total;	1847021;	1847021;	0
E_22_SOS_Dem;	742619;	742619;	0
E_22_SOS_Rep;	999884;	999884;	0
E_22_TREAS_Total;	1841919;	1841919;	0
E_22_TREAS_Dem;	720773;	720773;	0
E_22_TREAS_Rep;	1121146;	1121146;	0
E_20-24_COMP_Total;	2732231;	2732231;	0
E_20-24_COMP_Dem;	1098776;	1098776;	0
E_20-24_COMP_Rep;	1577418;	1577418;	0
E_24_PRES_Total;	2933762;	2933762;	0
E_24_PRES_Dem;	1163672;	1163672;	0
E_24_PRES_Rep;	1720340;	1720340;	0
E_24_SEN_Total;	2829703;	2829703;	0
E_24_SEN_Dem;	1097060;	1097060;	0
E_24_SEN_Rep;	1659410;	1659410;	0
E_24_GOV_Total;	2879601;	2879601;	0
E_24_GOV_Dem;	1183739;	1183739;	0
E_24_GOV_Rep;	1566081;	1566081;	0
E_24_AG_Total;	2838096;	2838096;	0
E_24_AG_Dem;	1168511;	1168511;	0
E_24_AG_Rep;	1669585;	1669585;	0
