Make Election_Data_NY.v07 (2026-03-17)

Row count: 14191
Totals from Block Data (BData) and CSV Data (CData)
Field;			BData;	CData;	Diff
E_08_PRES_Total;	7654731;	7654731;	0
E_08_PRES_Dem;	4804945;	4804945;	0
E_08_PRES_Rep;	2752771;	2752771;	0
E_12_PRES_Total;	6967422;	6967422;	0
E_12_PRES_Dem;	4479088;	4479088;	0
E_12_PRES_Rep;	2488334;	2488334;	0
E_16_PRES_Total;	7720570;	7720570;	0
E_16_PRES_Dem;	4556131;	4556131;	0
E_16_PRES_Rep;	2819552;	2819552;	0
E_16_SEN_Total;	7396364;	7396364;	0
E_16_SEN_Dem;	5221965;	5221965;	0
E_16_SEN_Rep;	2009377;	2009377;	0
E_18_SEN_Total;	6059687;	6059687;	0
E_18_SEN_Dem;	4057249;	4057249;	0
E_18_SEN_Rep;	1998566;	1998566;	0
E_18_GOV_Total;	6105117;	6105117;	0
E_18_GOV_Dem;	3635573;	3635573;	0
E_18_GOV_Rep;	2207976;	2207976;	0
E_18_AG_Total;	5994134;	5994134;	0
E_18_AG_Dem;	3739479;	3739479;	0
E_18_AG_Rep;	2108964;	2108964;	0
E_16-20_COMP_Total;	6966370;	6966370;	0
E_16-20_COMP_Dem;	4406146;	4406146;	0
E_16-20_COMP_Rep;	2395935;	2395935;	0
E_20_PRES_Total;	8632253;	8632253;	0
E_20_PRES_Dem;	5244886;	5244886;	0
E_20_PRES_Rep;	3251997;	3251997;	0
E_16-22_COMP_Total;	6645940;	6645940;	0
E_16-22_COMP_Dem;	3913705;	3913705;	0
E_16-22_COMP_Rep;	2660563;	2660563;	0
E_22_SEN_Total;	5852700;	5852700;	0
E_22_SEN_Dem;	3320554;	3320554;	0
E_22_SEN_Rep;	2501151;	2501151;	0
E_22_GOV_Total;	5912312;	5912312;	0
E_22_GOV_Dem;	3140426;	3140426;	0
E_22_GOV_Rep;	2762591;	2762591;	0
E_22_AG_Total;	5803588;	5803588;	0
E_22_AG_Dem;	3168889;	3168889;	0
E_22_AG_Rep;	2631625;	2631625;	0
E_22_CMPTR_Total;	5771393;	5771393;	0
E_22_CMPTR_Dem;	3305103;	3305103;	0
E_22_CMPTR_Rep;	2463409;	2463409;	0
E_22_CONG_Total;	5762842;	5762842;	0
E_22_CONG_Dem;	3199503;	3199503;	0
E_22_CONG_Rep;	2525913;	2525913;	0
E_20-24_COMP_Total;	7075263;	7075263;	0
E_20-24_COMP_Dem;	4034709;	4034709;	0
E_20-24_COMP_Rep;	2994726;	2994726;	0
E_24_PRES_Total;	8304998;	8304998;	0
E_24_PRES_Dem;	4619553;	4619553;	0
E_24_PRES_Rep;	3579514;	3579514;	0
E_24_SEN_Total;	8011295;	8011295;	0
E_24_SEN_Dem;	4711689;	4711689;	0
E_24_SEN_Rep;	3246695;	3246695;	0
E_24_CONG_Total;	7936022;	7936022;	0
E_24_CONG_Dem;	4526877;	4526877;	0
E_24_CONG_Rep;	3365459;	3365459;	0
