Make Election_Data_MA.v07 (2026-01-13)

Row count: 2157
Totals from Block Data (BData) and CSV Data (CData)
Field;			BData;	CData;	Diff
E_08_PRES_Total;	3069224;	3069224;	0
E_08_PRES_Dem;	1904098;	1904098;	0
E_08_PRES_Rep;	1108853;	1108853;	0
E_12_PRES_Total;	3108851;	3108851;	0
E_12_PRES_Dem;	1920781;	1920781;	0
E_12_PRES_Rep;	1188070;	1188070;	0
E_14_SEN_Total;	2081894;	2081894;	0
E_14_SEN_Dem;	1289944;	1289944;	0
E_14_SEN_Rep;	791950;	791950;	0
E_14_GOV_Total;	2156468;	2156468;	0
E_14_GOV_Dem;	1004408;	1004408;	0
E_14_GOV_Rep;	1044573;	1044573;	0
E_16_PRES_Total;	3324751;	3324751;	0
E_16_PRES_Dem;	1995050;	1995050;	0
E_16_PRES_Rep;	1090758;	1090758;	0
E_18_SEN_Total;	2707090;	2707090;	0
E_18_SEN_Dem;	1633371;	1633371;	0
E_18_SEN_Rep;	979210;	979210;	0
E_18_GOV_Total;	2674615;	2674615;	0
E_18_GOV_Dem;	885770;	885770;	0
E_18_GOV_Rep;	1781341;	1781341;	0
E_18_AG_Total;	2680899;	2680899;	0
E_18_AG_Dem;	1874209;	1874209;	0
E_18_AG_Rep;	804832;	804832;	0
E_18_AUD_Total;	2586284;	2586284;	0
E_18_AUD_Dem;	1606518;	1606518;	0
E_18_AUD_Rep;	801583;	801583;	0
E_18_SOS_Total;	2650524;	2650524;	0
E_18_SOS_Dem;	1877065;	1877065;	0
E_18_SOS_Rep;	671300;	671300;	0
E_18_TREAS_Total;	2604558;	2604558;	0
E_18_TREAS_Dem;	1761282;	1761282;	0
E_18_TREAS_Rep;	749596;	749596;	0
E_16-20_COMP_Total;	3090635;	3090635;	0
E_16-20_COMP_Dem;	1854600;	1854600;	0
E_16-20_COMP_Rep;	1166456;	1166456;	0
E_20_PRES_Total;	3631159;	3631159;	0
E_20_PRES_Dem;	2382043;	2382043;	0
E_20_PRES_Rep;	1167119;	1167119;	0
E_20_SEN_Total;	3563896;	3563896;	0
E_20_SEN_Dem;	2357652;	2357652;	0
E_20_SEN_Rep;	1177682;	1177682;	0
E_24_PRES_Total;	3512930;	3512930;	0
E_24_PRES_Dem;	2126518;	2126518;	0
E_24_PRES_Rep;	1251303;	1251303;	0
