Make Election_Data_CO.v07 (2026-03-17)

Row count: 3108
Totals from Block Data (BData) and CSV Data (CData)
Field;			BData;	CData;	Diff
E_08_PRES_Total;	2406510;	2406510;	0
E_08_PRES_Dem;	1288427;	1288427;	0
E_08_PRES_Rep;	1073617;	1073617;	0
E_12_PRES_Total;	2504907;	2504907;	0
E_12_PRES_Dem;	1320832;	1320832;	0
E_12_PRES_Rep;	1184075;	1184075;	0
E_16_PRES_Total;	2780247;	2780247;	0
E_16_PRES_Dem;	1338870;	1338870;	0
E_16_PRES_Rep;	1202484;	1202484;	0
E_16_SEN_Total;	2743029;	2743029;	0
E_16_SEN_Dem;	1370710;	1370710;	0
E_16_SEN_Rep;	1215318;	1215318;	0
E_18_GOV_Total;	2525062;	2525062;	0
E_18_GOV_Dem;	1348888;	1348888;	0
E_18_GOV_Rep;	1080801;	1080801;	0
E_18_AG_Total;	2491954;	2491954;	0
E_18_AG_Dem;	1285464;	1285464;	0
E_18_AG_Rep;	1124757;	1124757;	0
E_16-20_COMP_Total;	2834747;	2834747;	0
E_16-20_COMP_Dem;	1479049;	1479049;	0
E_16-20_COMP_Rep;	1235919;	1235919;	0
E_20_PRES_Total;	3256980;	3256980;	0
E_20_PRES_Dem;	1804352;	1804352;	0
E_20_PRES_Rep;	1364607;	1364607;	0
E_20_SEN_Total;	3235790;	3235790;	0
E_20_SEN_Dem;	1731114;	1731114;	0
E_20_SEN_Rep;	1429492;	1429492;	0
E_16-24_COMP_Total;	2900672;	2900672;	0
E_16-24_COMP_Dem;	1542751;	1542751;	0
E_16-24_COMP_Rep;	1264050;	1264050;	0
E_24_PRES_Total;	3192745;	3192745;	0
E_24_PRES_Dem;	1728161;	1728161;	0
E_24_PRES_Rep;	1377441;	1377441;	0
E_24_CONG_Total;	3073391;	3073391;	0
E_24_CONG_Dem;	1667301;	1667301;	0
E_24_CONG_Rep;	1306086;	1306086;	0
