Make Election_Data_NE.v07 (2026-01-13)

Row count: 1402
Totals from Block Data (BData) and CSV Data (CData)
Field;			BData;	CData;	Diff
E_08_PRES_Total;	805415;	805415;	0
E_08_PRES_Dem;	333319;	333319;	0
E_08_PRES_Rep;	452979;	452979;	0
E_12_PRES_Total;	772882;	772882;	0
E_12_PRES_Dem;	298979;	298979;	0
E_12_PRES_Rep;	473903;	473903;	0
E_16_PRES_Total;	828176;	828176;	0
E_16_PRES_Dem;	284494;	284494;	0
E_16_PRES_Rep;	495961;	495961;	0
E_18_SEN_Total;	698417;	698417;	0
E_18_SEN_Dem;	269917;	269917;	0
E_18_SEN_Rep;	403151;	403151;	0
E_18_GOV_Total;	697981;	697981;	0
E_18_GOV_Dem;	286169;	286169;	0
E_18_GOV_Rep;	411812;	411812;	0
E_18_AG_Total;	516777;	516777;	0
E_18_AG_Dem;	0;	0;	0
E_18_AG_Rep;	516777;	516777;	0
E_16-20_COMP_Total;	785004;	785004;	0
E_16-20_COMP_Dem;	287314;	287314;	0
E_16-20_COMP_Rep;	477990;	477990;	0
E_20_PRES_Total;	951712;	951712;	0
E_20_PRES_Dem;	374583;	374583;	0
E_20_PRES_Rep;	556846;	556846;	0
E_20_SEN_Total;	865813;	865813;	0
E_20_SEN_Dem;	227191;	227191;	0
E_20_SEN_Rep;	583507;	583507;	0
E_18-24_COMP_Total;	841167;	841167;	0
E_18-24_COMP_Dem;	313908;	313908;	0
E_18-24_COMP_Rep;	518289;	518289;	0
E_24_PRES_Total;	947159;	947159;	0
E_24_PRES_Dem;	369995;	369995;	0
E_24_PRES_Rep;	564816;	564816;	0
E_24_SEN_Total;	935617;	935617;	0
E_24_SEN_Dem;	0;	0;	0
E_24_SEN_Rep;	499124;	499124;	0
E_24_SEN_SPEC_Total;	935005;	935005;	0
E_24_SEN_SPEC_Dem;	349902;	349902;	0
E_24_SEN_SPEC_Rep;	585103;	585103;	0
E_24_CONG_Total;	929392;	929392;	0
E_24_CONG_Dem;	338154;	338154;	0
E_24_CONG_Rep;	591238;	591238;	0
