Make Election_Data_MD.v07 (2026-01-13)

Row count: 2042
Totals from Block Data (BData) and CSV Data (CData)
Field;			BData;	CData;	Diff
E_08_PRES_Total;	2624735;	2624735;	0
E_08_PRES_Dem;	1628995;	1628995;	0
E_08_PRES_Rep;	959694;	959694;	0
E_12_PRES_Total;	2647435;	2647435;	0
E_12_PRES_Dem;	1676745;	1676745;	0
E_12_PRES_Rep;	970690;	970690;	0
E_16_PRES_Total;	2781446;	2781446;	0
E_16_PRES_Dem;	1677928;	1677928;	0
E_16_PRES_Rep;	943169;	943169;	0
E_16_SEN_Total;	2726170;	2726170;	0
E_16_SEN_Dem;	1659907;	1659907;	0
E_16_SEN_Rep;	972557;	972557;	0
E_18_SEN_Total;	2299889;	2299889;	0
E_18_SEN_Dem;	1491614;	1491614;	0
E_18_SEN_Rep;	697017;	697017;	0
E_18_GOV_Total;	2304512;	2304512;	0
E_18_GOV_Dem;	1002639;	1002639;	0
E_18_GOV_Rep;	1275644;	1275644;	0
E_18_AG_Total;	2275788;	2275788;	0
E_18_AG_Dem;	1474833;	1474833;	0
E_18_AG_Rep;	799035;	799035;	0
E_16-20_COMP_Total;	2566620;	2566620;	0
E_16-20_COMP_Dem;	1548502;	1548502;	0
E_16-20_COMP_Rep;	943248;	943248;	0
E_20_PRES_Total;	3037028;	3037028;	0
E_20_PRES_Dem;	1985023;	1985023;	0
E_20_PRES_Rep;	976411;	976411;	0
E_24_PRES_Total;	3038334;	3038334;	0
E_24_PRES_Dem;	1902577;	1902577;	0
E_24_PRES_Rep;	1035550;	1035550;	0
E_24_SEN_Total;	3021378;	3021378;	0
E_24_SEN_Dem;	1650912;	1650912;	0
E_24_SEN_Rep;	1294344;	1294344;	0
E_24_CONG_Total;	2935328;	2935328;	0
E_24_CONG_Dem;	1863416;	1863416;	0
E_24_CONG_Rep;	1017654;	1017654;	0
