Make Election_Data_WI.v07 (2026-01-13)

Row count: 7059
Totals from Block Data (BData) and CSV Data (CData)
Field;			BData;	CData;	Diff
E_08_PRES_Total;	2986998;	2986998;	0
E_08_PRES_Dem;	1677211;	1677211;	0
E_08_PRES_Rep;	1262393;	1262393;	0
E_12_PRES_Total;	3027478;	3027478;	0
E_12_PRES_Dem;	1620407;	1620407;	0
E_12_PRES_Rep;	1407071;	1407071;	0
E_16_PRES_Total;	2976150;	2976150;	0
E_16_PRES_Dem;	1382536;	1382536;	0
E_16_PRES_Rep;	1405284;	1405284;	0
E_16_SEN_Total;	2948741;	2948741;	0
E_16_SEN_Dem;	1380335;	1380335;	0
E_16_SEN_Rep;	1479471;	1479471;	0
E_18_SEN_Total;	2660763;	2660763;	0
E_18_SEN_Dem;	1472914;	1472914;	0
E_18_SEN_Rep;	1184885;	1184885;	0
E_18_GOV_Total;	2673308;	2673308;	0
E_18_GOV_Dem;	1324307;	1324307;	0
E_18_GOV_Rep;	1295080;	1295080;	0
E_18_AG_Total;	2642851;	2642851;	0
E_18_AG_Dem;	1305902;	1305902;	0
E_18_AG_Rep;	1288712;	1288712;	0
E_18_SOS_Total;	2617948;	2617948;	0
E_18_SOS_Dem;	1380752;	1380752;	0
E_18_SOS_Rep;	1235034;	1235034;	0
E_18_TREAS_Total;	2601962;	2601962;	0
E_18_TREAS_Dem;	1324110;	1324110;	0
E_18_TREAS_Rep;	1216811;	1216811;	0
E_16-20_COMP_Total;	2851200;	2851200;	0
E_16-20_COMP_Dem;	1412326;	1412326;	0
E_16-20_COMP_Rep;	1374573;	1374573;	0
E_20_PRES_Total;	3298041;	3298041;	0
E_20_PRES_Dem;	1630866;	1630866;	0
E_20_PRES_Rep;	1610184;	1610184;	0
E_16-22_COMP_Total;	2800812;	2800812;	0
E_16-22_COMP_Dem;	1412257;	1412257;	0
E_16-22_COMP_Rep;	1349691;	1349691;	0
E_22_SEN_Total;	2652477;	2652477;	0
E_22_SEN_Dem;	1310467;	1310467;	0
E_22_SEN_Rep;	1337185;	1337185;	0
E_22_GOV_Total;	2656490;	2656490;	0
E_22_GOV_Dem;	1358774;	1358774;	0
E_22_GOV_Rep;	1268535;	1268535;	0
E_22_AG_Total;	2633277;	2633277;	0
E_22_AG_Dem;	1333369;	1333369;	0
E_22_AG_Rep;	1298369;	1298369;	0
E_22_SOS_Total;	2626943;	2626943;	0
E_22_SOS_Dem;	1268748;	1268748;	0
E_22_SOS_Rep;	1261306;	1261306;	0
E_22_TREAS_Total;	2607103;	2607103;	0
E_22_TREAS_Dem;	1254949;	1254949;	0
E_22_TREAS_Rep;	1293553;	1293553;	0
E_22_CONG_Total;	2531324;	2531324;	0
E_22_CONG_Dem;	1016250;	1016250;	0
E_22_CONG_Rep;	1418681;	1418681;	0
E_20-24_COMP_Total;	2998930;	2998930;	0
E_20-24_COMP_Dem;	1494730;	1494730;	0
E_20-24_COMP_Rep;	1475154;	1475154;	0
E_24_PRES_Total;	3422918;	3422918;	0
E_24_PRES_Dem;	1668229;	1668229;	0
E_24_PRES_Rep;	1697626;	1697626;	0
E_24_SEN_Total;	3390787;	3390787;	0
E_24_SEN_Dem;	1672777;	1672777;	0
E_24_SEN_Rep;	1643996;	1643996;	0
E_24_CONG_Total;	3325606;	3325606;	0
E_24_CONG_Dem;	1603350;	1603350;	0
E_24_CONG_Rep;	1701860;	1701860;	0
