Make Election_Data_CA.v07 (2025-12-30)

060190000000000 not in blockmap, skipping
Row count: 25607
Totals from Block Data (BData) and CSV Data (CData)
Field;			BData;	CData;	Diff
E_08_PRES_Total;	13044515;	13044515;	0
E_08_PRES_Dem;	8072086;	8072086;	0
E_08_PRES_Rep;	4922243;	4922243;	0
E_12_PRES_Total;	12687823;	12687823;	0
E_12_PRES_Dem;	7850733;	7850733;	0
E_12_PRES_Rep;	4837090;	4837090;	0
E_16_PRES_Total;	14058363;	14058363;	0
E_16_PRES_Dem;	8752066;	8752066;	0
E_16_PRES_Rep;	4483301;	4483301;	0
E_18_GOV_Total;	12463211;	12463211;	0
E_18_GOV_Dem;	7720625;	7720625;	0
E_18_GOV_Rep;	4742586;	4742586;	0
E_18_AG_Total;	12255347;	12255347;	0
E_18_AG_Dem;	7789961;	7789961;	0
E_18_AG_Rep;	4465386;	4465386;	0
E_16-20_COMP_Total;	14029394;	14029394;	0
E_16-20_COMP_Dem;	8838212;	8838212;	0
E_16-20_COMP_Rep;	4919481;	4919481;	0
E_20_PRES_Total;	17497060;	17497060;	0
E_20_PRES_Dem;	11110493;	11110493;	0
E_20_PRES_Rep;	6006428;	6006428;	0
E_16-22_COMP_Total;	12444713;	12444692;	21
E_16-22_COMP_Dem;	7648451;	7648444;	7
E_16-22_COMP_Rep;	4626059;	4626045;	14
E_22_SEN_Total;	10843225;	10843195;	30
E_22_SEN_Dem;	6621391;	6621381;	10
E_22_SEN_Rep;	4221834;	4221814;	20
E_22_GOV_Total;	10932599;	10932567;	32
E_22_GOV_Dem;	6469884;	6469874;	10
E_22_GOV_Rep;	4462715;	4462693;	22
E_22_AG_Total;	10729455;	10729424;	31
E_22_AG_Dem;	6339241;	6339231;	10
E_22_AG_Rep;	4390214;	4390193;	21
E_22_LTG_Total;	10750304;	10750273;	31
E_22_LTG_Dem;	6417899;	6417889;	10
E_22_LTG_Rep;	4332405;	4332384;	21
E_22_SOS_Total;	10760277;	10760246;	31
E_22_SOS_Dem;	6461940;	6461930;	10
E_22_SOS_Rep;	4298337;	4298316;	21
E_22_TREAS_Total;	10692446;	10692415;	31
E_22_TREAS_Dem;	6286851;	6286841;	10
E_22_TREAS_Rep;	4405595;	4405574;	21
E_20-24_COMP_Total;	13489593;	13489578;	15
E_20-24_COMP_Dem;	8138740;	8138735;	5
E_20-24_COMP_Rep;	5241803;	5241793;	10
E_24_PRES_Total;	15855062;	15855062;	0
E_24_PRES_Dem;	9273042;	9273042;	0
E_24_PRES_Rep;	6077541;	6077541;	0
E_24_SEN_Total;	15341548;	15341548;	0
E_24_SEN_SPEC_Total;	15034610;	15034610;	0
E_24_SEN_Dem;	9033185;	9033185;	0
E_24_SEN_SPEC_Dem;	8834084;	8834084;	0
E_24_SEN_Rep;	6308363;	6308363;	0
E_24_SEN_SPEC_Rep;	6200526;	6200526;	0
