Make Election_Data_MO.v07 (2026-01-13)

Row count: 4604
Totals from Block Data (BData) and CSV Data (CData)
Field;			BData;	CData;	Diff
E_08_PRES_Total;	2937501;	2937501;	0
E_08_PRES_Dem;	1441911;	1441911;	0
E_08_PRES_Rep;	1445814;	1445814;	0
E_12_PRES_Total;	2699015;	2699015;	0
E_12_PRES_Dem;	1219165;	1219165;	0
E_12_PRES_Rep;	1479850;	1479850;	0
E_16_PRES_Total;	2801449;	2801449;	0
E_16_PRES_Dem;	1071068;	1071068;	0
E_16_PRES_Rep;	1594511;	1594511;	0
E_16_SEN_Total;	2802546;	2802546;	0
E_16_SEN_Dem;	1300200;	1300200;	0
E_16_SEN_Rep;	1378458;	1378458;	0
E_16_GOV_Total;	2803018;	2803018;	0
E_16_GOV_Dem;	1277360;	1277360;	0
E_16_GOV_Rep;	1433397;	1433397;	0
E_16_AG_Total;	2747802;	2747802;	0
E_16_AG_Dem;	1140252;	1140252;	0
E_16_AG_Rep;	1607550;	1607550;	0
E_16_LTG_Total;	2764082;	2764082;	0
E_16_LTG_Dem;	1168947;	1168947;	0
E_16_LTG_Rep;	1459392;	1459392;	0
E_18_SEN_Total;	2442282;	2442282;	0
E_18_SEN_Dem;	1112935;	1112935;	0
E_18_SEN_Rep;	1254927;	1254927;	0
E_16-20_COMP_Total;	2822869;	2822869;	0
E_16-20_COMP_Dem;	1172472;	1172472;	0
E_16-20_COMP_Rep;	1567489;	1567489;	0
E_20_PRES_Total;	3025157;	3025157;	0
E_20_PRES_Dem;	1253014;	1253014;	0
E_20_PRES_Rep;	1718736;	1718736;	0
E_20_GOV_Total;	3012274;	3012274;	0
E_20_GOV_Dem;	1225771;	1225771;	0
E_20_GOV_Rep;	1720202;	1720202;	0
E_20_AG_Total;	2951605;	2951605;	0
E_20_AG_Dem;	1117713;	1117713;	0
E_20_AG_Rep;	1752792;	1752792;	0
E_20_LTG_Total;	2963466;	2963466;	0
E_20_LTG_Dem;	1150231;	1150231;	0
E_20_LTG_Rep;	1731263;	1731263;	0
E_20_SOS_Total;	2972483;	2972483;	0
E_20_SOS_Dem;	1081113;	1081113;	0
E_20_SOS_Rep;	1798505;	1798505;	0
E_20_TREAS_Total;	2949212;	2949212;	0
E_20_TREAS_Dem;	1122547;	1122547;	0
E_20_TREAS_Rep;	1742943;	1742943;	0
E_18-24_COMP_Total;	2877931;	2877931;	0
E_18-24_COMP_Dem;	1174576;	1174576;	0
E_18-24_COMP_Rep;	1645034;	1645034;	0
E_24_PRES_Total;	2995327;	2995327;	0
E_24_PRES_Dem;	1200599;	1200599;	0
E_24_PRES_Rep;	1751986;	1751986;	0
E_24_SEN_Total;	2972559;	2972559;	0
E_24_SEN_Dem;	1243728;	1243728;	0
E_24_SEN_Rep;	1651907;	1651907;	0
E_24_GOV_Total;	2960266;	2960266;	0
E_24_GOV_Dem;	1146173;	1146173;	0
E_24_GOV_Rep;	1750802;	1750802;	0
E_24_AG_Total;	2909986;	2909986;	0
E_24_AG_Dem;	1103482;	1103482;	0
E_24_AG_Rep;	1739626;	1739626;	0
E_24_LTG_Total;	2913370;	2913370;	0
E_24_LTG_Dem;	1121608;	1121608;	0
E_24_LTG_Rep;	1671771;	1671771;	0
E_24_SOS_Total;	2910117;	2910117;	0
E_24_SOS_Dem;	1154090;	1154090;	0
E_24_SOS_Rep;	1677902;	1677902;	0
E_24_TREAS_Total;	2908138;	2908138;	0
E_24_TREAS_Dem;	1106236;	1106236;	0
E_24_TREAS_Rep;	1684714;	1684714;	0
E_24_CONG_Total;	2924863;	2924863;	0
E_24_CONG_Dem;	1125671;	1125671;	0
E_24_CONG_Rep;	1711050;	1711050;	0
