Make Election_Data_DC.v07 (2026-01-13)

Row count: 143
Totals from Block Data (BData) and CSV Data (CData)
Field;			BData;	CData;	Diff
E_16_PRES_Total;	311268;	311268;	0
E_16_PRES_Dem;	282830;	282830;	0
E_16_PRES_Rep;	12723;	12723;	0
E_16_CONG_Total;	300906;	300906;	0
E_16_CONG_Dem;	265178;	265178;	0
E_16_CONG_Rep;	0;	0;	0
E_18_GOV_Total;	224658;	224658;	0
E_18_GOV_Dem;	171608;	171608;	0
E_18_GOV_Rep;	0;	0;	0
E_18_AG_Total;	223625;	223625;	0
E_18_AG_Dem;	207451;	207451;	0
E_18_AG_Rep;	0;	0;	0
E_18_CONG_Total;	228769;	228769;	0
E_18_CONG_Dem;	199124;	199124;	0
E_18_CONG_Rep;	9700;	9700;	0
E_16-20_COMP_Total;	327877;	327877;	0
E_16-20_COMP_Dem;	300077;	300077;	0
E_16-20_COMP_Rep;	15670;	15670;	0
E_20_PRES_Total;	344356;	344356;	0
E_20_PRES_Dem;	317323;	317323;	0
E_20_PRES_Rep;	18586;	18586;	0
E_20_SEN_Total;	310464;	310464;	0
E_20_SEN_Dem;	251991;	251991;	0
E_20_SEN_Rep;	24168;	24168;	0
E_20_CONG_Total;	326587;	326587;	0
E_20_CONG_Dem;	281831;	281831;	0
E_20_CONG_Rep;	0;	0;	0
