Make Election_Data_UT.v07 (2026-01-13)

Row count: 2745
Totals from Block Data (BData) and CSV Data (CData)
Field;			BData;	CData;	Diff
E_08_PRES_Total;	953477;	953477;	0
E_08_PRES_Dem;	327463;	327463;	0
E_08_PRES_Rep;	595752;	595752;	0
E_12_PRES_Total;	985968;	985968;	0
E_12_PRES_Dem;	248507;	248507;	0
E_12_PRES_Rep;	737461;	737461;	0
E_16_PRES_Total;	1131375;	1131375;	0
E_16_PRES_Dem;	310676;	310676;	0
E_16_PRES_Rep;	515231;	515231;	0
E_16_SEN_Total;	1115608;	1115608;	0
E_16_SEN_Dem;	301860;	301860;	0
E_16_SEN_Rep;	760241;	760241;	0
E_16_GOV_Total;	1124938;	1124938;	0
E_16_GOV_Dem;	323349;	323349;	0
E_16_GOV_Rep;	750850;	750850;	0
E_16_AG_Total;	1099297;	1099297;	0
E_16_AG_Dem;	275571;	275571;	0
E_16_AG_Rep;	719064;	719064;	0
E_16_AUD_Total;	1074992;	1074992;	0
E_16_AUD_Dem;	329625;	329625;	0
E_16_AUD_Rep;	679675;	679675;	0
E_16_TREAS_Total;	1066087;	1066087;	0
E_16_TREAS_Dem;	337997;	337997;	0
E_16_TREAS_Rep;	652725;	652725;	0
E_18_SEN_Total;	1062845;	1062845;	0
E_18_SEN_Dem;	328541;	328541;	0
E_18_SEN_Rep;	665215;	665215;	0
E_16-20_COMP_Total;	1254795;	1254795;	0
E_16-20_COMP_Dem;	395046;	395046;	0
E_16-20_COMP_Rep;	804105;	804105;	0
E_20_PRES_Total;	1487676;	1487676;	0
E_20_PRES_Dem;	560282;	560282;	0
E_20_PRES_Rep;	865139;	865139;	0
E_20_GOV_Total;	1438710;	1438710;	0
E_20_GOV_Dem;	442754;	442754;	0
E_20_GOV_Rep;	918753;	918753;	0
E_20_AG_Total;	1450796;	1450796;	0
E_20_AG_Dem;	489500;	489500;	0
E_20_AG_Rep;	878852;	878852;	0
E_20_AUD_Total;	1338361;	1338361;	0
E_20_AUD_Dem;	0;	0;	0
E_20_AUD_Rep;	1000845;	1000845;	0
E_20_TREAS_Total;	1333129;	1333129;	0
E_20_TREAS_Dem;	0;	0;	0
E_20_TREAS_Rep;	994114;	994114;	0
E_18-24_COMP_Total;	1397398;	1397398;	0
E_18-24_COMP_Dem;	474618;	474618;	0
E_18-24_COMP_Rep;	854313;	854313;	0
E_24_PRES_Total;	1487791;	1487791;	0
E_24_PRES_Dem;	562223;	562223;	0
E_24_PRES_Rep;	883082;	883082;	0
E_24_SEN_Total;	1462628;	1462628;	0
E_24_SEN_Dem;	464225;	464225;	0
E_24_SEN_Rep;	913975;	913975;	0
E_24_GOV_Total;	1476512;	1476512;	0
E_24_GOV_Dem;	420301;	420301;	0
E_24_GOV_Rep;	780866;	780866;	0
E_24_AG_Total;	1448490;	1448490;	0
E_24_AG_Dem;	401019;	401019;	0
E_24_AG_Rep;	837778;	837778;	0
E_24_AUD_Total;	1425889;	1425889;	0
E_24_AUD_Dem;	446374;	446374;	0
E_24_AUD_Rep;	905842;	905842;	0
E_24_TREAS_Total;	1416873;	1416873;	0
E_24_TREAS_Dem;	420644;	420644;	0
E_24_TREAS_Rep;	920065;	920065;	0
E_24_CONG_Total;	1447609;	1447609;	0
E_24_CONG_Dem;	470757;	470757;	0
E_24_CONG_Rep;	908601;	908601;	0
