Make Election_Data_KS.v07 (2026-01-13)

Row count: 4240
Totals from Block Data (BData) and CSV Data (CData)
Field;			BData;	CData;	Diff
E_08_PRES_Total;	1244285;	1244285;	0
E_08_PRES_Dem;	514665;	514665;	0
E_08_PRES_Rep;	699511;	699511;	0
E_12_PRES_Total;	1157424;	1157424;	0
E_12_PRES_Dem;	439908;	439908;	0
E_12_PRES_Rep;	689809;	689809;	0
E_16_PRES_Total;	1193685;	1193685;	0
E_16_PRES_Dem;	427005;	427005;	0
E_16_PRES_Rep;	671018;	671018;	0
E_16_SEN_Total;	1178495;	1178495;	0
E_16_SEN_Dem;	379740;	379740;	0
E_16_SEN_Rep;	732376;	732376;	0
E_18_GOV_Total;	1054622;	1054622;	0
E_18_GOV_Dem;	506509;	506509;	0
E_18_GOV_Rep;	453030;	453030;	0
E_18_AG_Total;	1040813;	1040813;	0
E_18_AG_Dem;	427169;	427169;	0
E_18_AG_Rep;	613644;	613644;	0
E_18_SOS_Total;	1043526;	1043526;	0
E_18_SOS_Dem;	457971;	457971;	0
E_18_SOS_Rep;	548708;	548708;	0
E_18_TREAS_Total;	1035370;	1035370;	0
E_18_TREAS_Dem;	437756;	437756;	0
E_18_TREAS_Rep;	597614;	597614;	0
E_16-20_COMP_Total;	1199162;	1199162;	0
E_16-20_COMP_Dem;	479088;	479088;	0
E_16-20_COMP_Rep;	664292;	664292;	0
E_20_PRES_Total;	1372303;	1372303;	0
E_20_PRES_Dem;	570323;	570323;	0
E_20_PRES_Rep;	771406;	771406;	0
E_20_SEN_Total;	1367755;	1367755;	0
E_20_SEN_Dem;	571530;	571530;	0
E_20_SEN_Rep;	727962;	727962;	0
E_16-22_COMP_Total;	1154272;	1154272;	0
E_16-22_COMP_Dem;	489825;	489825;	0
E_16-22_COMP_Rep;	626435;	626435;	0
E_22_SEN_Total;	1004956;	1004956;	0
E_22_SEN_Dem;	372214;	372214;	0
E_22_SEN_Rep;	602976;	602976;	0
E_22_GOV_Total;	1008998;	1008998;	0
E_22_GOV_Dem;	499849;	499849;	0
E_22_GOV_Rep;	477591;	477591;	0
E_22_AG_Total;	997742;	997742;	0
E_22_AG_Dem;	490925;	490925;	0
E_22_AG_Rep;	506817;	506817;	0
E_22_SOS_Total;	995413;	995413;	0
E_22_SOS_Dem;	386661;	386661;	0
E_22_SOS_Rep;	580908;	580908;	0
E_22_TREAS_Total;	994841;	994841;	0
E_22_TREAS_Dem;	411813;	411813;	0
E_22_TREAS_Rep;	537488;	537488;	0
E_22_CONG_Total;	1001813;	1001813;	0
E_22_CONG_Dem;	425319;	425319;	0
E_22_CONG_Rep;	569566;	569566;	0
E_20-24_COMP_Total;	1177340;	1177340;	0
E_20-24_COMP_Dem;	509137;	509137;	0
E_20-24_COMP_Rep;	641471;	641471;	0
E_24_PRES_Total;	1327591;	1327591;	0
E_24_PRES_Dem;	544853;	544853;	0
E_24_PRES_Rep;	758802;	758802;	0
