Make Election_Data_MT.v07 (2026-01-13)

Row count: 666
Totals from Block Data (BData) and CSV Data (CData)
Field;			BData;	CData;	Diff
E_08_PRES_Total;	494150;	494150;	0
E_08_PRES_Dem;	232159;	232159;	0
E_08_PRES_Rep;	243882;	243882;	0
E_16_PRES_Total;	494526;	494526;	0
E_16_PRES_Dem;	177709;	177709;	0
E_16_PRES_Rep;	279240;	279240;	0
E_16_GOV_Total;	509360;	509360;	0
E_16_GOV_Dem;	255933;	255933;	0
E_16_GOV_Rep;	236115;	236115;	0
E_16_AG_Total;	491736;	491736;	0
E_16_AG_Dem;	158970;	158970;	0
E_16_AG_Rep;	332766;	332766;	0
E_16_AUD_Total;	486970;	486970;	0
E_16_AUD_Dem;	224925;	224925;	0
E_16_AUD_Rep;	262045;	262045;	0
E_16_SOS_Total;	500021;	500021;	0
E_16_SOS_Dem;	204861;	204861;	0
E_16_SOS_Rep;	277473;	277473;	0
E_16_CONG_Total;	507831;	507831;	0
E_16_CONG_Dem;	205919;	205919;	0
E_16_CONG_Rep;	285358;	285358;	0
E_18_SEN_Total;	504384;	504384;	0
E_18_SEN_Dem;	253876;	253876;	0
E_18_SEN_Rep;	235963;	235963;	0
E_16-20_COMP_Total;	565157;	565157;	0
E_16-20_COMP_Dem;	240687;	240687;	0
E_16-20_COMP_Rep;	311347;	311347;	0
E_20_PRES_Total;	603640;	603640;	0
E_20_PRES_Dem;	244786;	244786;	0
E_20_PRES_Rep;	343602;	343602;	0
E_20_SEN_Total;	605637;	605637;	0
E_20_SEN_Dem;	272463;	272463;	0
E_20_SEN_Rep;	333174;	333174;	0
E_20_GOV_Total;	603587;	603587;	0
E_20_GOV_Dem;	250860;	250860;	0
E_20_GOV_Rep;	328548;	328548;	0
E_20_AG_Total;	595347;	595347;	0
E_20_AG_Dem;	247025;	247025;	0
E_20_AG_Rep;	348322;	348322;	0
E_20_AUD_Total;	590643;	590643;	0
E_20_AUD_Dem;	232634;	232634;	0
E_20_AUD_Rep;	326742;	326742;	0
E_20_SOS_Total;	592556;	592556;	0
E_20_SOS_Dem;	239617;	239617;	0
E_20_SOS_Rep;	352939;	352939;	0
E_22_CONG_Total;	463632;	463632;	0
E_22_CONG_Dem;	158745;	158745;	0
E_22_CONG_Rep;	245081;	245081;	0
E_18-24_COMP_Total;	581756;	581756;	0
E_18-24_COMP_Dem;	249278;	249278;	0
E_18-24_COMP_Rep;	323548;	323548;	0
E_24_PRES_Total;	602963;	602963;	0
E_24_PRES_Dem;	231906;	231906;	0
E_24_PRES_Rep;	352079;	352079;	0
