Make Election_Data_MN.v07 (2026-01-13)

Row count: 4110
Totals from Block Data (BData) and CSV Data (CData)
Field;			BData;	CData;	Diff
E_08_PRES_Total;	2917743;	2917743;	0
E_08_PRES_Dem;	1573354;	1573354;	0
E_08_PRES_Rep;	1275409;	1275409;	0
E_12_PRES_Total;	2871160;	2871160;	0
E_12_PRES_Dem;	1548674;	1548674;	0
E_12_PRES_Rep;	1322486;	1322486;	0
E_14_SEN_Total;	1980647;	1980647;	0
E_14_SEN_Dem;	1053205;	1053205;	0
E_14_SEN_Rep;	850227;	850227;	0
E_14_GOV_Total;	1925270;	1925270;	0
E_14_GOV_Dem;	989113;	989113;	0
E_14_GOV_Rep;	879257;	879257;	0
E_14_AG_Total;	1928230;	1928230;	0
E_14_AG_Dem;	0;	0;	0
E_14_AG_Rep;	0;	0;	0
E_16_PRES_Total;	2944813;	2944813;	0
E_16_PRES_Dem;	1367716;	1367716;	0
E_16_PRES_Rep;	1322951;	1322951;	0
E_18_SEN_Total;	2596879;	2596879;	0
E_18_SEN_Dem;	1566174;	1566174;	0
E_18_SEN_Rep;	940437;	940437;	0
E_18_SEN_SPEC_Total;	2587356;	2587356;	0
E_18_SEN_SPEC_Dem;	1370540;	1370540;	0
E_18_SEN_SPEC_Rep;	1095777;	1095777;	0
E_18_GOV_Total;	2587287;	2587287;	0
E_18_GOV_Dem;	1393096;	1393096;	0
E_18_GOV_Rep;	1097705;	1097705;	0
E_18_AG_Total;	2551772;	2551772;	0
E_18_AG_Dem;	1249407;	1249407;	0
E_18_AG_Rep;	1150459;	1150459;	0
E_18_AUD_Total;	2533940;	2533940;	0
E_18_AUD_Dem;	1250524;	1250524;	0
E_18_AUD_Rep;	1095310;	1095310;	0
E_18_SOS_Total;	2542522;	2542522;	0
E_18_SOS_Dem;	1328502;	1328502;	0
E_18_SOS_Rep;	1109093;	1109093;	0
E_16-20_COMP_Total;	2853986;	2853986;	0
E_16-20_COMP_Dem;	1476386;	1476386;	0
E_16-20_COMP_Rep;	1231823;	1231823;	0
E_20_PRES_Total;	3277171;	3277171;	0
E_20_PRES_Dem;	1717077;	1717077;	0
E_20_PRES_Rep;	1484065;	1484065;	0
E_20_SEN_Total;	3214256;	3214256;	0
E_20_SEN_Dem;	1566522;	1566522;	0
E_20_SEN_Rep;	1398145;	1398145;	0
E_16-22_COMP_Total;	2832435;	2832435;	0
E_16-22_COMP_Dem;	1463931;	1463931;	0
E_16-22_COMP_Rep;	1249921;	1249921;	0
E_22_GOV_Total;	2510661;	2510661;	0
E_22_GOV_Dem;	1312349;	1312349;	0
E_22_GOV_Rep;	1119941;	1119941;	0
E_22_AG_Total;	2490301;	2490301;	0
E_22_AG_Dem;	1254371;	1254371;	0
E_22_AG_Rep;	1233556;	1233556;	0
E_22_AUD_Total;	2460932;	2460932;	0
E_22_AUD_Dem;	1168185;	1168185;	0
E_22_AUD_Rep;	1159750;	1159750;	0
E_22_SOS_Total;	2467729;	2467729;	0
E_22_SOS_Dem;	1345685;	1345685;	0
E_22_SOS_Rep;	1119949;	1119949;	0
E_22_CONG_Total;	2495832;	2495832;	0
E_22_CONG_Dem;	1250518;	1250518;	0
E_22_CONG_Rep;	1200855;	1200855;	0
E_20-24_COMP_Total;	2983135;	2983135;	0
E_20-24_COMP_Dem;	1550548;	1550548;	0
E_20-24_COMP_Rep;	1340384;	1340384;	0
E_24_PRES_Total;	3253920;	3253920;	0
E_24_PRES_Dem;	1656979;	1656979;	0
E_24_PRES_Rep;	1519032;	1519032;	0
E_24_SEN_Total;	3189323;	3189323;	0
E_24_SEN_Dem;	1792441;	1792441;	0
E_24_SEN_Rep;	1291712;	1291712;	0
E_24_CONG_Total;	3137270;	3137270;	0
E_24_CONG_Dem;	1579742;	1579742;	0
E_24_CONG_Rep;	1550499;	1550499;	0
