Make Election_Data_NC.v07 (2026-01-13)

Row count: 2666
Totals from Block Data (BData) and CSV Data (CData)
Field;			BData;	CData;	Diff
E_08_PRES_Total;	4310778;	4310778;	0
E_08_PRES_Dem;	2134066;	2134066;	0
E_08_PRES_Rep;	2124407;	2124407;	0
E_12_PRES_Total;	4442507;	4442507;	0
E_12_PRES_Dem;	2175066;	2175066;	0
E_12_PRES_Rep;	2267441;	2267441;	0
E_14_SEN_Total;	2895916;	2895916;	0
E_14_SEN_Dem;	1370303;	1370303;	0
E_14_SEN_Rep;	1416834;	1416834;	0
E_16_PRES_Total;	4741564;	4741564;	0
E_16_PRES_Dem;	2189316;	2189316;	0
E_16_PRES_Rep;	2362631;	2362631;	0
E_16_SEN_Total;	4691133;	4691133;	0
E_16_SEN_Dem;	2128165;	2128165;	0
E_16_SEN_Rep;	2395376;	2395376;	0
E_16_GOV_Total;	4711014;	4711014;	0
E_16_GOV_Dem;	2309157;	2309157;	0
E_16_GOV_Rep;	2298880;	2298880;	0
E_16_AG_Total;	4582625;	4582625;	0
E_16_AG_Dem;	2303619;	2303619;	0
E_16_AG_Rep;	2279006;	2279006;	0
E_16_AUD_Total;	4512830;	4512830;	0
E_16_AUD_Dem;	2259436;	2259436;	0
E_16_AUD_Rep;	2253394;	2253394;	0
E_16_LTG_Total;	4619534;	4619534;	0
E_16_LTG_Dem;	2093375;	2093375;	0
E_16_LTG_Rep;	2393514;	2393514;	0
E_16_SOS_Total;	4531276;	4531276;	0
E_16_SOS_Dem;	2368091;	2368091;	0
E_16_SOS_Rep;	2163185;	2163185;	0
E_16_TREAS_Total;	4502784;	4502784;	0
E_16_TREAS_Dem;	2129762;	2129762;	0
E_16_TREAS_Rep;	2373022;	2373022;	0
E_16-20_COMP_Total;	5224037;	5224037;	0
E_16-20_COMP_Dem;	2523046;	2523046;	0
E_16-20_COMP_Rep;	2582725;	2582725;	0
E_20_PRES_Total;	5524804;	5524804;	0
E_20_PRES_Dem;	2684292;	2684292;	0
E_20_PRES_Rep;	2758775;	2758775;	0
E_20_SEN_Total;	5474952;	5474952;	0
E_20_SEN_Dem;	2569965;	2569965;	0
E_20_SEN_Rep;	2665598;	2665598;	0
E_20_GOV_Total;	5502778;	5502778;	0
E_20_GOV_Dem;	2834790;	2834790;	0
E_20_GOV_Rep;	2586605;	2586605;	0
E_20_AG_Total;	5413178;	5413178;	0
E_20_AG_Dem;	2713400;	2713400;	0
E_20_AG_Rep;	2699778;	2699778;	0
E_20_AUD_Total;	5366000;	5366000;	0
E_20_AUD_Dem;	2730175;	2730175;	0
E_20_AUD_Rep;	2635825;	2635825;	0
E_20_LTG_Total;	5424114;	5424114;	0
E_20_LTG_Dem;	2623458;	2623458;	0
E_20_LTG_Rep;	2800656;	2800656;	0
E_20_SOS_Total;	5386130;	5386130;	0
E_20_SOS_Dem;	2755571;	2755571;	0
E_20_SOS_Rep;	2630559;	2630559;	0
E_20_TREAS_Total;	5349818;	5349818;	0
E_20_TREAS_Dem;	2537019;	2537019;	0
E_20_TREAS_Rep;	2812799;	2812799;	0
E_16-22_COMP_Total;	5075673;	5075673;	0
E_16-22_COMP_Dem;	2468027;	2468027;	0
E_16-22_COMP_Rep;	2502079;	2502079;	0
E_22_SEN_Total;	3774126;	3774126;	0
E_22_SEN_Dem;	1784031;	1784031;	0
E_22_SEN_Rep;	1905585;	1905585;	0
E_22_CONG_Total;	3760941;	3760941;	0
E_22_CONG_Dem;	1795097;	1795097;	0
E_22_CONG_Rep;	1957124;	1957124;	0
E_22_SC3_Total;	3752688;	3752688;	0
E_22_SC3_Dem;	1786648;	1786648;	0
E_22_SC3_Rep;	1966040;	1966040;	0
E_22_SC5_Total;	3750552;	3750552;	0
E_22_SC5_Dem;	1792820;	1792820;	0
E_22_SC5_Rep;	1957732;	1957732;	0
E_20-24_COMP_Total;	5268701;	5268701;	0
E_20-24_COMP_Dem;	2617477;	2617477;	0
E_20-24_COMP_Rep;	2533765;	2533765;	0
E_24_PRES_Total;	5696382;	5696382;	0
E_24_PRES_Dem;	2713609;	2713609;	0
E_24_PRES_Rep;	2896941;	2896941;	0
E_24_GOV_Total;	5588824;	5588824;	0
E_24_GOV_Dem;	3067745;	3067745;	0
E_24_GOV_Rep;	2240437;	2240437;	0
E_24_AG_Total;	5587699;	5587699;	0
E_24_AG_Dem;	2873292;	2873292;	0
E_24_AG_Rep;	2714407;	2714407;	0
E_24_AUD_Total;	5528398;	5528398;	0
E_24_AUD_Dem;	2631899;	2631899;	0
E_24_AUD_Rep;	2728456;	2728456;	0
E_24_LTG_Total;	5587119;	5587119;	0
E_24_LTG_Dem;	2766895;	2766895;	0
E_24_LTG_Rep;	2662192;	2662192;	0
E_24_SOS_Total;	5558156;	5558156;	0
E_24_SOS_Dem;	2836357;	2836357;	0
E_24_SOS_Rep;	2721799;	2721799;	0
E_24_TREAS_Total;	5526660;	5526660;	0
E_24_TREAS_Dem;	2627718;	2627718;	0
E_24_TREAS_Rep;	2898942;	2898942;	0
E_24_CONG_Total;	5480486;	5480486;	0
E_24_CONG_Dem;	2348196;	2348196;	0
E_24_CONG_Rep;	2888806;	2888806;	0
E_24_SC6_Total;	5537556;	5537556;	0
E_24_SC6_Dem;	2768894;	2768894;	0
E_24_SC6_Rep;	2768662;	2768662;	0
