Make Election_Data_FL.v07 (2026-01-13)

Row count: 7247
Totals from Block Data (BData) and CSV Data (CData)
Field;			BData;	CData;	Diff
E_08_PRES_Total;	8412585;	8412585;	0
E_08_PRES_Dem;	4282215;	4282215;	0
E_08_PRES_Rep;	4046064;	4046064;	0
E_12_PRES_Total;	8381825;	8381825;	0
E_12_PRES_Dem;	4227102;	4227102;	0
E_12_PRES_Rep;	4154723;	4154723;	0
E_16_PRES_Total;	9497417;	9497417;	0
E_16_PRES_Dem;	4504975;	4504975;	0
E_16_PRES_Rep;	4617886;	4617886;	0
E_16_SEN_Total;	9315176;	9315176;	0
E_16_SEN_Dem;	4122088;	4122088;	0
E_16_SEN_Rep;	4835191;	4835191;	0
E_18_SEN_Total;	8211517;	8211517;	0
E_18_SEN_Dem;	4088007;	4088007;	0
E_18_SEN_Rep;	4099038;	4099038;	0
E_18_GOV_Total;	8228238;	8228238;	0
E_18_GOV_Dem;	4044092;	4044092;	0
E_18_GOV_Rep;	4076521;	4076521;	0
E_18_AG_Total;	8122746;	8122746;	0
E_18_AG_Dem;	3744909;	3744909;	0
E_18_AG_Rep;	4232540;	4232540;	0
E_18_TREAS_Total;	8033346;	8033346;	0
E_18_TREAS_Dem;	3872534;	3872534;	0
E_18_TREAS_Rep;	4152231;	4152231;	0
E_16-20_COMP_Total;	9054725;	9054725;	0
E_16-20_COMP_Dem;	4296337;	4296337;	0
E_16-20_COMP_Rep;	4586655;	4586655;	0
E_20_PRES_Total;	11090869;	11090869;	0
E_20_PRES_Dem;	5297045;	5297045;	0
E_20_PRES_Rep;	5668731;	5668731;	0
E_16-22_COMP_Total;	8651051;	8651051;	0
E_16-22_COMP_Dem;	3870927;	3870927;	0
E_16-22_COMP_Rep;	4683633;	4683633;	0
E_22_SEN_Total;	7760165;	7760165;	0
E_22_SEN_Dem;	3200760;	3200760;	0
E_22_SEN_Rep;	4474687;	4474687;	0
E_22_GOV_Total;	7771398;	7771398;	0
E_22_GOV_Dem;	3106313;	3106313;	0
E_22_GOV_Rep;	4614209;	4614209;	0
E_22_AG_Total;	7677223;	7677223;	0
E_22_AG_Dem;	3025944;	3025944;	0
E_22_AG_Rep;	4651279;	4651279;	0
E_22_TREAS_Total;	7614689;	7614689;	0
E_22_TREAS_Dem;	3085697;	3085697;	0
E_22_TREAS_Rep;	4528811;	4528811;	0
E_22_CONG_Total;	7334808;	7334808;	0
E_22_CONG_Dem;	2904954;	2904954;	0
E_22_CONG_Rep;	4271037;	4271037;	0
E_20-24_COMP_Total;	9319801;	9319801;	0
E_20-24_COMP_Dem;	3987389;	3987389;	0
E_20-24_COMP_Rep;	5248278;	5248278;	0
E_24_PRES_Total;	10935466;	10935466;	0
E_24_PRES_Dem;	4683038;	4683038;	0
E_24_PRES_Rep;	6110126;	6110126;	0
E_24_SEN_Total;	10767312;	10767312;	0
E_24_SEN_Dem;	4603077;	4603077;	0
E_24_SEN_Rep;	5977707;	5977707;	0
