Make Election_Data_TX.v07 (2026-01-13)

Row count: 9007
Totals from Block Data (BData) and CSV Data (CData)
Field;			BData;	CData;	Diff
E_08_PRES_Total;	8067961;	8067961;	0
E_08_PRES_Dem;	3529248;	3529248;	0
E_08_PRES_Rep;	4480201;	4480201;	0
E_12_PRES_Total;	7852841;	7852841;	0
E_12_PRES_Dem;	3292235;	3292235;	0
E_12_PRES_Rep;	4560606;	4560606;	0
E_14_SEN_Total;	4458516;	4458516;	0
E_14_SEN_Dem;	1597272;	1597272;	0
E_14_SEN_Rep;	2861244;	2861244;	0
E_14_GOV_Total;	4631709;	4631709;	0
E_14_GOV_Dem;	1835458;	1835458;	0
E_14_GOV_Rep;	2796251;	2796251;	0
E_16_PRES_Total;	8983408;	8983408;	0
E_16_PRES_Dem;	3877865;	3877865;	0
E_16_PRES_Rep;	4684856;	4684856;	0
E_16_SCC_Total;	26169118;	26169118;	0
E_16_SCC_Dem;	10567000;	10567000;	0
E_16_SCC_Rep;	14357910;	14357910;	0
E_18_SEN_Total;	8371565;	8371565;	0
E_18_SEN_Dem;	4045620;	4045620;	0
E_18_SEN_Rep;	4260462;	4260462;	0
E_18_GOV_Total;	8343440;	8343440;	0
E_18_GOV_Dem;	3546597;	3546597;	0
E_18_GOV_Rep;	4656211;	4656211;	0
E_18_AG_Total;	8290937;	8290937;	0
E_18_AG_Dem;	3898385;	3898385;	0
E_18_AG_Rep;	4191244;	4191244;	0
E_18_LTG_Total;	8305342;	8305342;	0
E_18_LTG_Dem;	3860842;	3860842;	0
E_18_LTG_Rep;	4260985;	4260985;	0
E_18_CMPTR_Total;	8228563;	8228563;	0
E_18_CMPTR_Dem;	3570686;	3570686;	0
E_18_CMPTR_Rep;	4376803;	4376803;	0
E_18_SCC_Total;	22777605;	22777605;	0
E_18_SCC_Dem;	7484274;	7484274;	0
E_18_SCC_Rep;	13488908;	13488908;	0
E_16-20_COMP_Total;	9376668;	9376668;	0
E_16-20_COMP_Dem;	4244111;	4244111;	0
E_16-20_COMP_Rep;	4929399;	4929399;	0
E_20_PRES_Total;	11320419;	11320419;	0
E_20_PRES_Dem;	5259281;	5259281;	0
E_20_PRES_Rep;	5890570;	5890570;	0
E_20_SEN_Total;	11143578;	11143578;	0
E_20_SEN_Dem;	4888904;	4888904;	0
E_20_SEN_Rep;	5963179;	5963179;	0
E_20_SCC_Total;	32696676;	32696676;	0
E_20_SCC_Dem;	14751919;	14751919;	0
E_20_SCC_Rep;	17944757;	17944757;	0
E_16-22_COMP_Total;	9296698;	9296698;	0
E_16-22_COMP_Dem;	4186668;	4186668;	0
E_16-22_COMP_Rep;	4909564;	4909564;	0
E_22_GOV_Total;	8106768;	8106768;	0
E_22_GOV_Dem;	3554772;	3554772;	0
E_22_GOV_Rep;	4437097;	4437097;	0
E_22_AG_Total;	8010903;	8010903;	0
E_22_AG_Dem;	3498276;	3498276;	0
E_22_AG_Rep;	4278859;	4278859;	0
E_22_LTG_Total;	8033629;	8033629;	0
E_22_LTG_Dem;	3493602;	3493602;	0
E_22_LTG_Rep;	4317770;	4317770;	0
E_22_TREAS_Total;	7974575;	7974575;	0
E_22_TREAS_Dem;	3265946;	3265946;	0
E_22_TREAS_Rep;	4496383;	4496383;	0
E_22_CONG_Total;	7089460;	7089460;	0
E_22_CONG_Dem;	3005037;	3005037;	0
E_22_CONG_Rep;	3890617;	3890617;	0
E_20-24_COMP_Total;	10215827;	10215827;	0
E_20-24_COMP_Dem;	4520378;	4520378;	0
E_20-24_COMP_Rep;	5503100;	5503100;	0
E_24_PRES_Total;	11404528;	11404528;	0
E_24_PRES_Dem;	4835134;	4835134;	0
E_24_PRES_Rep;	6393403;	6393403;	0
E_24_SEN_Total;	11290233;	11290233;	0
E_24_SEN_Dem;	5031142;	5031142;	0
E_24_SEN_Rep;	5990637;	5990637;	0
E_24_CONG_Total;	9622652;	9622652;	0
E_24_CONG_Dem;	3969096;	3969096;	0
E_24_CONG_Rep;	5523958;	5523958;	0
